[    0.000000] Linux version 4.15.0-194-generic (buildd@lcy02-amd64-052) (gcc version 7.5.0 (Ubuntu 7.5.0-3ubuntu1~18.04)) #205-Ubuntu SMP Fri Sep 16 19:49:27 UTC 2022 (Ubuntu 4.15.0-194.205-generic 4.15.18)
[    0.000000] Command line: BOOT_IMAGE=/boot/vmlinuz-4.15.0-194-generic root=LABEL=cloudimg-rootfs ro console=tty1 console=ttyS0
[    0.000000] KERNEL supported cpus:
[    0.000000]   Intel GenuineIntel
[    0.000000]   AMD AuthenticAMD
[    0.000000]   Centaur CentaurHauls
[    0.000000] x86/fpu: Supporting XSAVE feature 0x001: 'x87 floating point registers'
[    0.000000] x86/fpu: Supporting XSAVE feature 0x002: 'SSE registers'
[    0.000000] x86/fpu: Supporting XSAVE feature 0x004: 'AVX registers'
[    0.000000] x86/fpu: xstate_offset[2]:  576, xstate_sizes[2]:  256
[    0.000000] x86/fpu: Enabled xstate features 0x7, context size is 832 bytes, using 'standard' format.
[    0.000000] e820: BIOS-provided physical RAM map:
[    0.000000] BIOS-e820: [mem 0x0000000000000000-0x000000000009fbff] usable
[    0.000000] BIOS-e820: [mem 0x000000000009fc00-0x000000000009ffff] reserved
[    0.000000] BIOS-e820: [mem 0x00000000000f0000-0x00000000000fffff] reserved
[    0.000000] BIOS-e820: [mem 0x0000000000100000-0x000000007ffeffff] usable
[    0.000000] BIOS-e820: [mem 0x000000007fff0000-0x000000007fffffff] ACPI data
[    0.000000] BIOS-e820: [mem 0x00000000fec00000-0x00000000fec00fff] reserved
[    0.000000] BIOS-e820: [mem 0x00000000fee00000-0x00000000fee00fff] reserved
[    0.000000] BIOS-e820: [mem 0x00000000fffc0000-0x00000000ffffffff] reserved
[    0.000000] NX (Execute Disable) protection: active
[    0.000000] SMBIOS 2.5 present.
[    0.000000] DMI: innotek GmbH VirtualBox/VirtualBox, BIOS VirtualBox 12/01/2006
[    0.000000] Hypervisor detected: KVM
[    0.000000] e820: last_pfn = 0x7fff0 max_arch_pfn = 0x400000000
[    0.000000] MTRR: Disabled
[    0.000000] x86/PAT: MTRRs disabled, skipping PAT initialization too.
[    0.000000] CPU MTRRs all blank - virtualized system.
[    0.000000] x86/PAT: Configuration [0-7]: WB  WT  UC- UC  WB  WT  UC- UC  
[    0.000000] found SMP MP-table at [mem 0x0009fff0-0x0009ffff]
[    0.000000] Scanning 1 areas for low memory corruption
[    0.000000] RAMDISK: [mem 0x359cb000-0x36cdcfff]
[    0.000000] ACPI: Early table checksum verification disabled
[    0.000000] ACPI: RSDP 0x00000000000E0000 000024 (v02 VBOX  )
[    0.000000] ACPI: XSDT 0x000000007FFF0030 00003C (v01 VBOX   VBOXXSDT 00000001 ASL  00000061)
[    0.000000] ACPI: FACP 0x000000007FFF00F0 0000F4 (v04 VBOX   VBOXFACP 00000001 ASL  00000061)
[    0.000000] ACPI: DSDT 0x000000007FFF0610 002353 (v02 VBOX   VBOXBIOS 00000002 INTL 20200528)
[    0.000000] ACPI: FACS 0x000000007FFF0200 000040
[    0.000000] ACPI: FACS 0x000000007FFF0200 000040
[    0.000000] ACPI: APIC 0x000000007FFF0240 00005C (v02 VBOX   VBOXAPIC 00000001 ASL  00000061)
[    0.000000] ACPI: SSDT 0x000000007FFF02A0 00036C (v01 VBOX   VBOXCPUT 00000002 INTL 20200528)
[    0.000000] ACPI: Reserving FACP table memory at [mem 0x7fff00f0-0x7fff01e3]
[    0.000000] ACPI: Reserving DSDT table memory at [mem 0x7fff0610-0x7fff2962]
[    0.000000] ACPI: Reserving FACS table memory at [mem 0x7fff0200-0x7fff023f]
[    0.000000] ACPI: Reserving FACS table memory at [mem 0x7fff0200-0x7fff023f]
[    0.000000] ACPI: Reserving APIC table memory at [mem 0x7fff0240-0x7fff029b]
[    0.000000] ACPI: Reserving SSDT table memory at [mem 0x7fff02a0-0x7fff060b]
[    0.000000] No NUMA configuration found
[    0.000000] Faking a node at [mem 0x0000000000000000-0x000000007ffeffff]
[    0.000000] NODE_DATA(0) allocated [mem 0x7ffc5000-0x7ffeffff]
[    0.000000] kvm-clock: cpu 0, msr 0:7ff44001, primary cpu clock
[    0.000000] kvm-clock: Using msrs 4b564d01 and 4b564d00
[    0.000000] kvm-clock: using sched offset of 4117069539 cycles
[    0.000000] clocksource: kvm-clock: mask: 0xffffffffffffffff max_cycles: 0x1cd42e4dffb, max_idle_ns: 881590591483 ns
[    0.000000] Zone ranges:
[    0.000000]   DMA      [mem 0x0000000000001000-0x0000000000ffffff]
[    0.000000]   DMA32    [mem 0x0000000001000000-0x000000007ffeffff]
[    0.000000]   Normal   empty
[    0.000000]   Device   empty
[    0.000000] Movable zone start for each node
[    0.000000] Early memory node ranges
[    0.000000]   node   0: [mem 0x0000000000001000-0x000000000009efff]
[    0.000000]   node   0: [mem 0x0000000000100000-0x000000007ffeffff]
[    0.000000] Reserved but unavailable: 104 pages
[    0.000000] Initmem setup node 0 [mem 0x0000000000001000-0x000000007ffeffff]
[    0.000000] ACPI: PM-Timer IO Port: 0x4008
[    0.000000] IOAPIC[0]: apic_id 2, version 32, address 0xfec00000, GSI 0-23
[    0.000000] ACPI: INT_SRC_OVR (bus 0 bus_irq 0 global_irq 2 dfl dfl)
[    0.000000] ACPI: INT_SRC_OVR (bus 0 bus_irq 9 global_irq 9 low level)
[    0.000000] Using ACPI (MADT) for SMP configuration information
[    0.000000] smpboot: Allowing 2 CPUs, 0 hotplug CPUs
[    0.000000] PM: Registered nosave memory: [mem 0x00000000-0x00000fff]
[    0.000000] PM: Registered nosave memory: [mem 0x0009f000-0x0009ffff]
[    0.000000] PM: Registered nosave memory: [mem 0x000a0000-0x000effff]
[    0.000000] PM: Registered nosave memory: [mem 0x000f0000-0x000fffff]
[    0.000000] e820: [mem 0x80000000-0xfebfffff] available for PCI devices
[    0.000000] Booting paravirtualized kernel on KVM
[    0.000000] clocksource: refined-jiffies: mask: 0xffffffff max_cycles: 0xffffffff, max_idle_ns: 7645519600211568 ns
[    0.000000] setup_percpu: NR_CPUS:8192 nr_cpumask_bits:2 nr_cpu_ids:2 nr_node_ids:1
[    0.000000] percpu: Embedded 50 pages/cpu s167936 r8192 d28672 u1048576
[    0.000000] PV qspinlock hash table entries: 256 (order: 0, 4096 bytes)
[    0.000000] Built 1 zonelists, mobility grouping on.  Total pages: 515961
[    0.000000] Policy zone: DMA32
[    0.000000] Kernel command line: BOOT_IMAGE=/boot/vmlinuz-4.15.0-194-generic root=LABEL=cloudimg-rootfs ro console=tty1 console=ttyS0
[    0.000000] Memory: 2014844K/2096696K available (12300K kernel code, 2477K rwdata, 4320K rodata, 2472K init, 2720K bss, 81852K reserved, 0K cma-reserved)
[    0.000000] SLUB: HWalign=64, Order=0-3, MinObjects=0, CPUs=2, Nodes=1
[    0.000000] Kernel/User page tables isolation: enabled
[    0.000000] ftrace: allocating 39477 entries in 155 pages
[    0.004000] Hierarchical RCU implementation.
[    0.004000] 	RCU restricting CPUs from NR_CPUS=8192 to nr_cpu_ids=2.
[    0.004000] 	Tasks RCU enabled.
[    0.004000] RCU: Adjusting geometry for rcu_fanout_leaf=16, nr_cpu_ids=2
[    0.004000] NR_IRQS: 524544, nr_irqs: 440, preallocated irqs: 16
[    0.004000] random: crng init done
[    0.004000] Console: colour VGA+ 80x25
[    0.004000] console [tty1] enabled
[    0.004000] console [ttyS0] enabled
[    0.004000] ACPI: Core revision 20170831
[    0.004000] ACPI: 2 ACPI AML tables successfully acquired and loaded
[    0.004000] APIC: Switch to symmetric I/O mode setup
[    0.006818] x2apic enabled
[    0.008031] Switched APIC routing to physical x2apic.
[    0.016000] ..TIMER: vector=0x30 apic1=0 pin1=2 apic2=-1 pin2=-1
[    0.016005] tsc: Detected 1395.391 MHz processor
[    0.020018] Calibrating delay loop (skipped) preset value.. 2790.78 BogoMIPS (lpj=5581564)
[    0.024005] pid_max: default: 32768 minimum: 301
[    0.028079] Security Framework initialized
[    0.032005] Yama: becoming mindful.
[    0.036077] AppArmor: AppArmor initialized
[    0.045669] Dentry cache hash table entries: 262144 (order: 9, 2097152 bytes)
[    0.050652] Inode-cache hash table entries: 131072 (order: 8, 1048576 bytes)
[    0.052101] Mount-cache hash table entries: 4096 (order: 3, 32768 bytes)
[    0.056089] Mountpoint-cache hash table entries: 4096 (order: 3, 32768 bytes)
[    0.062243] Last level iTLB entries: 4KB 64, 2MB 8, 4MB 8
[    0.064004] Last level dTLB entries: 4KB 64, 2MB 0, 4MB 0, 1GB 4
[    0.068030] Spectre V1 : Mitigation: usercopy/swapgs barriers and __user pointer sanitization
[    0.072009] Spectre V2 : Mitigation: Retpolines
[    0.076004] Spectre V2 : Spectre v2 / SpectreRSB mitigation: Filling RSB on context switch
[    0.080004] Speculative Store Bypass: Vulnerable
[    0.084198] MDS: Mitigation: Clear CPU buffers
[    0.088004] MMIO Stale Data: Mitigation: Clear CPU buffers
[    0.092029] SRBDS: Unknown: Dependent on hypervisor status
[    0.096298] Freeing SMP alternatives memory: 36K
[    0.219098] APIC calibration not consistent with PM-Timer: 103ms instead of 100ms
[    0.220000] APIC delta adjusted to PM-Timer: 6266609 (6461687)
[    0.220384] smpboot: CPU0: Intel(R) Core(TM) i5-8257U CPU @ 1.40GHz (family: 0x6, model: 0x8e, stepping: 0xa)
[    0.224442] Performance Events: unsupported p6 CPU model 142 no PMU driver, software events only.
[    0.228122] Hierarchical SRCU implementation.
[    0.233150] NMI watchdog: Perf event create on CPU 0 failed with -2
[    0.236005] NMI watchdog: Perf NMI watchdog permanently disabled
[    0.240229] smp: Bringing up secondary CPUs ...
[    0.248514] x86: Booting SMP configuration:
[    0.252006] .... node  #0, CPUs:      #1
[    0.004000] kvm-clock: cpu 1, msr 0:7ff44041, secondary cpu clock
[    0.260132] smp: Brought up 1 node, 2 CPUs
[    0.264014] smpboot: Max logical packages: 1
[    0.268007] smpboot: Total of 2 processors activated (5581.56 BogoMIPS)
[    0.272806] devtmpfs: initialized
[    0.276136] x86/mm: Memory block size: 128MB
[    0.280602] evm: security.selinux
[    0.284006] evm: security.SMACK64
[    0.288004] evm: security.SMACK64EXEC
[    0.292004] evm: security.SMACK64TRANSMUTE
[    0.296004] evm: security.SMACK64MMAP
[    0.300004] evm: security.apparmor
[    0.303747] evm: security.ima
[    0.304005] evm: security.capability
[    0.308348] clocksource: jiffies: mask: 0xffffffff max_cycles: 0xffffffff, max_idle_ns: 7645041785100000 ns
[    0.312016] futex hash table entries: 512 (order: 3, 32768 bytes)
[    0.316198] pinctrl core: initialized pinctrl subsystem
[    0.320699] RTC time: 13:44:12, date: 10/31/22
[    0.324729] NET: Registered protocol family 16
[    0.332018] audit: initializing netlink subsys (disabled)
[    0.340020] audit: type=2000 audit(1667223857.441:1): state=initialized audit_enabled=0 res=1
[    0.344026] cpuidle: using governor ladder
[    0.348015] cpuidle: using governor menu
[    0.352087] ACPI: bus type PCI registered
[    0.356006] acpiphp: ACPI Hot Plug PCI Controller Driver version: 0.5
[    0.364104] PCI: Using configuration type 1 for base access
[    0.372142] HugeTLB registered 2.00 MiB page size, pre-allocated 0 pages
[    0.380470] ACPI: Added _OSI(Module Device)
[    0.384017] ACPI: Added _OSI(Processor Device)
[    0.388011] ACPI: Added _OSI(3.0 _SCP Extensions)
[    0.392014] ACPI: Added _OSI(Processor Aggregator Device)
[    0.396013] ACPI: Added _OSI(Linux-Dell-Video)
[    0.400000] ACPI: Added _OSI(Linux-Lenovo-NV-HDMI-Audio)
[    0.400006] ACPI: Added _OSI(Linux-HPI-Hybrid-Graphics)
[    0.408288] ACPI: Executed 1 blocks of module-level executable AML code
[    0.420880] ACPI: Interpreter enabled
[    0.424022] ACPI: (supports S0 S5)
[    0.428007] ACPI: Using IOAPIC for interrupt routing
[    0.432742] PCI: Using host bridge windows from ACPI; if necessary, use "pci=nocrs" and report a bug
[    0.436423] ACPI: Enabled 2 GPEs in block 00 to 07
[    0.457213] ACPI: PCI Root Bridge [PCI0] (domain 0000 [bus 00-ff])
[    0.460024] acpi PNP0A03:00: _OSC: OS supports [ASPM ClockPM Segments MSI]
[    0.465349] acpi PNP0A03:00: _OSC: not requesting OS control; OS requires [ExtendedConfig ASPM ClockPM MSI]
[    0.472031] acpi PNP0A03:00: fail to add MMCONFIG information, can't access extended PCI configuration space under this bridge.
[    0.477158] PCI host bridge to bus 0000:00
[    0.480008] pci_bus 0000:00: root bus resource [io  0x0000-0x0cf7 window]
[    0.484007] pci_bus 0000:00: root bus resource [io  0x0d00-0xffff window]
[    0.488006] pci_bus 0000:00: root bus resource [mem 0x000a0000-0x000bffff window]
[    0.492006] pci_bus 0000:00: root bus resource [mem 0x80000000-0xfdffffff window]
[    0.496007] pci_bus 0000:00: root bus resource [bus 00-ff]
[    0.513005] pci 0000:00:01.1: legacy IDE quirk: reg 0x10: [io  0x01f0-0x01f7]
[    0.516006] pci 0000:00:01.1: legacy IDE quirk: reg 0x14: [io  0x03f6]
[    0.520007] pci 0000:00:01.1: legacy IDE quirk: reg 0x18: [io  0x0170-0x0177]
[    0.524006] pci 0000:00:01.1: legacy IDE quirk: reg 0x1c: [io  0x0376]
[    0.604231] pci 0000:00:07.0: quirk: [io  0x4000-0x403f] claimed by PIIX4 ACPI
[    0.608059] pci 0000:00:07.0: quirk: [io  0x4100-0x410f] claimed by PIIX4 SMB
[    0.633608] ACPI: PCI Interrupt Link [LNKA] (IRQs 5 9 10 *11)
[    0.636977] ACPI: PCI Interrupt Link [LNKB] (IRQs 5 9 *10 11)
[    0.640341] ACPI: PCI Interrupt Link [LNKC] (IRQs 5 *9 10 11)
[    0.644355] ACPI: PCI Interrupt Link [LNKD] (IRQs 5 9 10 *11)
[    0.648815] SCSI subsystem initialized
[    0.652151] pci 0000:00:02.0: vgaarb: setting as boot VGA device
[    0.656000] pci 0000:00:02.0: vgaarb: VGA device added: decodes=io+mem,owns=io+mem,locks=none
[    0.656009] pci 0000:00:02.0: vgaarb: bridge control possible
[    0.660005] vgaarb: loaded
[    0.664074] ACPI: bus type USB registered
[    0.668031] usbcore: registered new interface driver usbfs
[    0.672019] usbcore: registered new interface driver hub
[    0.676017] usbcore: registered new device driver usb
[    0.680220] EDAC MC: Ver: 3.0.0
[    0.685060] PCI: Using ACPI for IRQ routing
[    0.689059] NetLabel: Initializing
[    0.692004] NetLabel:  domain hash size = 128
[    0.696004] NetLabel:  protocols = UNLABELED CIPSOv4 CALIPSO
[    0.700034] NetLabel:  unlabeled traffic allowed by default
[    0.708188] clocksource: Switched to clocksource kvm-clock
[    0.752532] VFS: Disk quotas dquot_6.6.0
[    0.758482] VFS: Dquot-cache hash table entries: 512 (order 0, 4096 bytes)
[    0.768646] AppArmor: AppArmor Filesystem Enabled
[    0.776285] pnp: PnP ACPI init
[    0.785536] pnp: PnP ACPI: found 3 devices
[    0.821968] clocksource: acpi_pm: mask: 0xffffff max_cycles: 0xffffff, max_idle_ns: 2085701024 ns
[    0.833898] NET: Registered protocol family 2
[    0.840757] IP idents hash table entries: 32768 (order: 6, 262144 bytes)
[    0.850514] TCP established hash table entries: 16384 (order: 5, 131072 bytes)
[    0.860304] TCP bind hash table entries: 16384 (order: 6, 262144 bytes)
[    0.869363] TCP: Hash tables configured (established 16384 bind 16384)
[    0.876592] UDP hash table entries: 1024 (order: 3, 32768 bytes)
[    0.883682] UDP-Lite hash table entries: 1024 (order: 3, 32768 bytes)
[    0.890775] NET: Registered protocol family 1
[    0.896090] pci 0000:00:00.0: Limiting direct PCI/PCI transfers
[    0.902554] pci 0000:00:01.0: Activating ISA DMA hang workarounds
[    0.909294] pci 0000:00:02.0: Video device with shadowed ROM at [mem 0x000c0000-0x000dffff]
[    0.918527] Unpacking initramfs...
[    1.553414] Freeing initrd memory: 19528K
[    1.558409] clocksource: tsc: mask: 0xffffffffffffffff max_cycles: 0x141d1e70e21, max_idle_ns: 440795267441 ns
[    1.568843] platform rtc_cmos: registered platform RTC device (no PNP device found)
[    1.576865] Scanning for low memory corruption every 60 seconds
[    1.585078] Initialise system trusted keyrings
[    1.589868] Key type blacklist registered
[    1.595566] workingset: timestamp_bits=36 max_order=19 bucket_order=0
[    1.606702] zbud: loaded
[    1.611094] squashfs: version 4.0 (2009/01/31) Phillip Lougher
[    1.618772] fuse init (API version 7.26)
[    1.641564] Key type asymmetric registered
[    1.646063] Asymmetric key parser 'x509' registered
[    1.651873] Block layer SCSI generic (bsg) driver version 0.4 loaded (major 246)
[    1.660091] io scheduler noop registered
[    1.664466] io scheduler deadline registered
[    1.669191] io scheduler cfq registered (default)
[    1.675342] ACPI: AC Adapter [AC] (off-line)
[    1.680499] input: Power Button as /devices/LNXSYSTM:00/LNXPWRBN:00/input/input0
[    1.688438] ACPI: Power Button [PWRF]
[    1.692890] input: Sleep Button as /devices/LNXSYSTM:00/LNXSLPBN:00/input/input1
[    1.700716] ACPI: Sleep Button [SLPF]
[    1.708444] Serial: 8250/16550 driver, 32 ports, IRQ sharing enabled
[    1.708978] ACPI: Battery Slot [BAT0] (battery present)
[    1.751469] 00:02: ttyS0 at I/O 0x3f8 (irq = 4, base_baud = 115200) is a 16550A
[    1.762321] Linux agpgart interface v0.103
[    1.771094] loop: module loaded
[    1.778003] scsi host0: ata_piix
[    1.782907] scsi host1: ata_piix
[    1.787210] ata1: PATA max UDMA/33 cmd 0x1f0 ctl 0x3f6 bmdma 0xd000 irq 14
[    1.791009] ata2: PATA max UDMA/33 cmd 0x170 ctl 0x376 bmdma 0xd008 irq 15
[    1.802723] tun: Universal TUN/TAP device driver, 1.6
[    1.809003] PPP generic driver version 2.4.2
[    1.814409] ehci_hcd: USB 2.0 'Enhanced' Host Controller (EHCI) Driver
[    1.818312] ehci-pci: EHCI PCI platform driver
[    1.826783] ehci-platform: EHCI generic platform driver
[    1.830724] ohci_hcd: USB 1.1 'Open' Host Controller (OHCI) Driver
[    1.839479] ohci-pci: OHCI PCI platform driver
[    1.844729] ohci-platform: OHCI generic platform driver
[    1.850739] uhci_hcd: USB Universal Host Controller Interface driver
[    1.857823] i8042: PNP: PS/2 Controller [PNP0303:PS2K,PNP0f03:PS2M] at 0x60,0x64 irq 1,12
[    1.870709] serio: i8042 KBD port at 0x60,0x64 irq 1
[    1.876505] serio: i8042 AUX port at 0x60,0x64 irq 12
[    1.880424] mousedev: PS/2 mouse device common for all mice
[    1.890697] input: AT Translated Set 2 keyboard as /devices/platform/i8042/serio0/input/input2
[    1.891893] rtc_cmos rtc_cmos: rtc core: registered rtc_cmos as rtc0
[    1.910835] rtc_cmos rtc_cmos: alarms up to one day, 114 bytes nvram
[    1.917765] i2c /dev entries driver
[    1.921901] device-mapper: uevent: version 1.0.3
[    1.929149] device-mapper: ioctl: 4.37.0-ioctl (2017-09-20) initialised: dm-devel@redhat.com
[    1.939364] ledtrig-cpu: registered to indicate activity on CPUs
[    1.949713] NET: Registered protocol family 10
[    2.048752] Segment Routing with IPv6
[    2.053099] NET: Registered protocol family 17
[    2.058468] Key type dns_resolver registered
[    2.064603] mce: Using 0 MCE banks
[    2.068422] RAS: Correctable Errors collector initialized.
[    2.074515] sched_clock: Marking stable (2074360630, 0)->(3183138404, -1108777774)
[    2.085893] registered taskstats version 1
[    2.090391] Loading compiled-in X.509 certificates
[    2.101925] Loaded X.509 cert 'Build time autogenerated kernel key: 6303a3b02fa1c7713b8a75ba7ba622fabd5dd271'
[    2.115321] Loaded X.509 cert 'Canonical Ltd. Live Patch Signing: 14df34d1a87cf37625abec039ef2bf521249b969'
[    2.126355] Loaded X.509 cert 'Canonical Ltd. Kernel Module Signing: 88f752e560a1e0737e31163a466ad7b70a850c19'
[    2.137900] blacklist: Loading compiled-in revocation X.509 certificates
[    2.145083] Loaded X.509 cert 'Canonical Ltd. Secure Boot Signing: 61482aa2830d0ab2ad5af10b7250da9033ddcef0'
[    2.155445] zswap: loaded using pool lzo/zbud
[    2.170622] Key type big_key registered
[    2.175045] Key type trusted registered
[    2.184237] Key type encrypted registered
[    2.188669] AppArmor: AppArmor sha1 policy hashing enabled
[    2.194574] ima: No TPM chip found, activating TPM-bypass! (rc=-19)
[    2.201247] ima: Allocated hash algorithm: sha1
[    2.206220] evm: HMAC attrs: 0x1
[    2.210716]   Magic number: 10:418:737
[    2.215779] rtc_cmos rtc_cmos: setting system clock to 2022-10-31 13:44:14 UTC (1667223854)
[    2.224682] BIOS EDD facility v0.16 2004-Jun-25, 0 devices found
[    2.231003] EDD information not available.
[    2.241362] Freeing unused kernel image memory: 2472K
[    2.268692] Write protecting the kernel read-only data: 20480k
[    2.277745] Freeing unused kernel image memory: 2008K
[    2.284400] Freeing unused kernel image memory: 1824K
[    2.301206] x86/mm: Checked W+X mappings: passed, no W+X pages found.
[    2.330819] x86/mm: Checking user space page tables
[    2.346817] x86/mm: Checked W+X mappings: passed, no W+X pages found.
Loading, please wait...
starting version 237
[    2.486872] e1000: Intel(R) PRO/1000 Network Driver - version 7.3.21-k8-NAPI
[    2.495046] e1000: Copyright (c) 1999-2006 Intel Corporation.
[    2.547358] Fusion MPT base driver 3.04.20
[    2.552233] Copyright (c) 1999-2008 LSI Corporation
[    2.566458] AVX2 version of gcm_enc/dec engaged.
[    2.572533] AES CTR mode by8 optimization enabled
[    2.615024] Fusion MPT SPI Host driver 3.04.20
[    2.745615] input: ImExPS/2 Generic Explorer Mouse as /devices/platform/i8042/serio1/input/input4
[    3.244163] e1000 0000:00:03.0 eth0: (PCI:33MHz:32-bit) 02:cf:fd:ba:38:06
[    3.252967] e1000 0000:00:03.0 eth0: Intel(R) PRO/1000 Network Connection
[    3.263703] mptbase: ioc0: Initiating bringup
[    3.264782] e1000 0000:00:03.0 enp0s3: renamed from eth0
[    3.376109] ioc0: LSI53C1030 A0: Capabilities={Initiator}
[    3.631478] scsi host2: ioc0: LSI53C1030 A0, FwRev=00000000h, Ports=1, MaxQ=256, IRQ=20
[    3.811162] scsi 2:0:0:0: Direct-Access     VBOX     HARDDISK         1.0  PQ: 0 ANSI: 5
[    3.852236] scsi target2:0:0: Beginning Domain Validation
[    3.863469] scsi target2:0:0: Domain Validation skipping write tests
[    3.870257] scsi target2:0:0: Ending Domain Validation
[    3.876098] scsi target2:0:0: asynchronous
[    3.882608] scsi 2:0:1:0: Direct-Access     VBOX     HARDDISK         1.0  PQ: 0 ANSI: 5
[    3.920229] scsi target2:0:1: Beginning Domain Validation
[    3.931431] scsi target2:0:1: Domain Validation skipping write tests
[    3.938483] scsi target2:0:1: Ending Domain Validation
[    3.945176] scsi target2:0:1: asynchronous
[    3.962193] sd 2:0:0:0: [sda] 83886080 512-byte logical blocks: (42.9 GB/40.0 GiB)
[    3.962274] sd 2:0:0:0: Attached scsi generic sg0 type 0
[    3.977826] sd 2:0:0:0: [sda] Write Protect is off
[    3.979115] sd 2:0:1:0: Attached scsi generic sg1 type 0
[    3.991018] sd 2:0:0:0: [sda] Incomplete mode parameter data
[    3.997836] sd 2:0:0:0: [sda] Assuming drive cache: write through
[    4.005792] sd 2:0:1:0: [sdb] 20480 512-byte logical blocks: (10.5 MB/10.0 MiB)
[    4.015114] sd 2:0:1:0: [sdb] Write Protect is off
[    4.022228] sd 2:0:1:0: [sdb] Incomplete mode parameter data
[    4.029279] sd 2:0:1:0: [sdb] Assuming drive cache: write through
[    4.039468]  sda: sda1
[    4.046065] sd 2:0:0:0: [sda] Attached SCSI disk
[    4.055325] sd 2:0:1:0: [sdb] Attached SCSI disk
Begin: Loading essential drivers ... [    7.173102] raid6: sse2x1   gen()  6163 MB/s
[    7.224535] raid6: sse2x1   xor()  4404 MB/s
[    7.276160] raid6: sse2x2   gen()  7412 MB/s
[    7.328681] raid6: sse2x2   xor()  5222 MB/s
[    7.380555] raid6: sse2x4   gen()  8518 MB/s
[    7.433164] raid6: sse2x4   xor()  5504 MB/s
[    7.484155] raid6: avx2x1   gen() 12183 MB/s
[    7.536987] raid6: avx2x1   xor()  8669 MB/s
[    7.588863] raid6: avx2x2   gen() 14721 MB/s
[    7.640359] raid6: avx2x2   xor()  9130 MB/s
[    7.692203] raid6: avx2x4   gen() 16732 MB/s
[    7.744700] raid6: avx2x4   xor() 10855 MB/s
[    7.749404] raid6: using algorithm avx2x4 gen() 16732 MB/s
[    7.755343] raid6: .... xor() 10855 MB/s, rmw enabled
[    7.760793] raid6: using avx2x2 recovery algorithm
[    7.769828] xor: automatically using best checksumming function   avx       
[    7.781907] async_tx: api initialized (async)
done.
Begin: Running /scripts/init-premount ... done.
Begin: Mounting root file system ... Begin: Running /scripts/local-top ... done.
Begin: Running /scripts/local-premount ... [    7.929510] Btrfs loaded, crc32c=crc32c-intel
Scanning for Btrfs filesystems
done.
Warning: fsck not present, so skipping root file system
[    8.009214] EXT4-fs (sda1): mounted filesystem with ordered data mode. Opts: (null)
done.
Begin: Running /scripts/local-bottom ... done.
Begin: Running /scripts/init-bottom ... done.
[    8.305415] ip_tables: (C) 2000-2006 Netfilter Core Team
[    8.329929] systemd[1]: systemd 237 running in system mode. (+PAM +AUDIT +SELINUX +IMA +APPARMOR +SMACK +SYSVINIT +UTMP +LIBCRYPTSETUP +GCRYPT +GNUTLS +ACL +XZ +LZ4 +SECCOMP +BLKID +ELFUTILS +KMOD -IDN2 +IDN -PCRE2 default-hierarchy=hybrid)
[    8.351590] systemd[1]: Detected virtualization oracle.
[    8.357688] systemd[1]: Detected architecture x86-64.

Welcome to [1mUbuntu 18.04.6 LTS[0m!

[    8.393192] systemd[1]: Set hostname to <ubuntu>.
[    8.407056] systemd[1]: Initializing machine ID from random generator.
[    8.414364] systemd[1]: Installed transient /etc/machine-id file.
[    8.828393] systemd[1]: Created slice User and Session Slice.
[[0;32m  OK  [0m] Created slice User and Session Slice.
[    8.840006] systemd[1]: Started Forward Password Requests to Wall Directory Watch.
[[0;32m  OK  [0m] Started Forward Password Requests to Wall Directory Watch.
[    8.853917] systemd[1]: Reached target Swap.
[[0;32m  OK  [0m] Reached target Swap.
[    8.863261] systemd[1]: Reached target User and Group Name Lookups.
[[0;32m  OK  [0m] Reached target User and Group Name Lookups.
[[0;32m  OK  [0m] Reached target System Time Synchronized.
[[0;32m  OK  [0m] Set up automount Arbitrary Executabâ€¦rmats File System Automount Point.
[[0;32m  OK  [0m] Created slice System Slice.
[[0;32m  OK  [0m] Listening on /dev/initctl Compatibility Named Pipe.
[[0;32m  OK  [0m] Listening on Device-mapper event daemon FIFOs.
[[0;32m  OK  [0m] Created slice system-serial\x2dgetty.slice.
[[0;32m  OK  [0m] Listening on Journal Audit Socket.
[[0;32m  OK  [0m] Listening on udev Kernel Socket.
[[0;32m  OK  [0m] Reached target Slices.
[[0;32m  OK  [0m] Listening on Journal Socket.
         Starting Set the console keyboard layout...
         Mounting Kernel Debug File System...
[[0;32m  OK  [0m] Listening on Syslog Socket.
         Starting Load Kernel Modules...
[[0;32m  OK  [0m] Listening on LVM2 poll daemon socket.
         Starting Uncomplicated firewall...
[[0;32m  OK  [0m] Listening on udev Control Socket.
         Mounting Huge Pages File System...
[[0;32m  OK  [0m] Listening on Journal Socket (/dev/log).
         Mounting POSIX Message Queue File System...
[[0;32m  OK  [0m] Listening on fsck to fsckd communication Socket.
         Starting File System Check on Root Device...
[[0;32m  OK  [0m] Listening on LVM2 metadata daemon socket.
         Starting Monitoring of LVM2 mirrorsâ€¦ng dmeventd or progress polling...
[    9.016843] Loading iSCSI transport class v2.0-870.
         Starting udev Coldplug all Devices...
         Starting Create list of required stâ€¦ce nodes for the current kernel...
[[0;32m  OK  [0m] Listening on Network Service Netlink Socket.
         Starting Journal Service...
[[0;32m  OK  [0m] Mounted Kernel Debug File System.
[[0;32m  OK  [0m] Started Uncomplicated firewall.
[[0;32m  OK  [0m] Mounted Huge Pages File System.
[[0;32m  OK  [0m] Mounted POSIX Message Queue File System.
[[0;32m  OK  [0m] Started File System Check Daemon to report status.
[    9.111510] iscsi: registered transport (tcp)
[[0;32m  OK  [0m] Started Create list of required staâ€¦vice nodes for the current kernel.
         Starting Create Static Device Nodes in /dev...
[[0;32m  OK  [0m] Started LVM2 metadata daemon.
[[0;32m  OK  [0m] Started udev Coldplug all Devices.
[[0;32m  OK  [0m] Started Journal Service.
[    9.289788] iscsi: registered transport (iser)
[[0;32m  OK  [0m] Started Load Kernel Modules.
         Mounting Kernel Configuration File System...
         Starting Apply Kernel Variables...
         Mounting FUSE Control File System...
[[0;32m  OK  [0m] Mounted FUSE Control File System.
[[0;32m  OK  [0m] Mounted Kernel Configuration File System.
[[0;32m  OK  [0m] Started File System Check on Root Device.
         Starting Remount Root and Kernel File Systems...
[[0;32m  OK  [0m] Started Create Static Device Nodes in /dev.
[[0;32m  OK  [0m] Started Monitoring of LVM2 mirrors,â€¦sing dmeventd or progress polling.
[[0;32m  OK  [0m] Started Apply Kernel Variables.
[[0;32m  OK  [0m] Started Remount Root and Kernel File Systems.
         Starting Load/Save Random Seed...
         Starting Flush Journal to Persistent Storage...
         Starting udev Kernel Device Manager...
[[0;32m  OK  [0m] Started Load/Save Random Seed.
[[0;32m  OK  [0m] Started udev Kernel Device Manager.
[[0;32m  OK  [0m] Started Flush Journal to Persistent Storage.
[[0;32m  OK  [0m] Found device /dev/ttyS0.
[[0;32m  OK  [0m] Listening on Load/Save RF Kill Switch Status /dev/rfkill Watch.
         Mounting Arbitrary Executable File Formats File System...
[[0;32m  OK  [0m] Mounted Arbitrary Executable File Formats File System.
[[0;32m  OK  [0m] Started Set the console keyboard layout.
[[0;32m  OK  [0m] Started Dispatch Password Requests to Console Directory Watch.
[[0;32m  OK  [0m] Reached target Local Encrypted Volumes.
[[0;32m  OK  [0m] Reached target Local File Systems (Pre).
[[0;32m  OK  [0m] Reached target Local File Systems.
         Starting Set console font and keymap...
         Starting Create Volatile Files and Directories...
         Starting Tell Plymouth To Write Out Runtime Data...
         Starting AppArmor initialization...
         Starting Commit a transient machine-id on disk...
         Starting ebtables ruleset management...
[[0;32m  OK  [0m] Started Set console font and keymap.
[[0;32m  OK  [0m] Started Tell Plymouth To Write Out Runtime Data.
[[0;32m  OK  [0m] Started Create Volatile Files and Directories.
         Starting Update UTMP about System Boot/Shutdown...
[[0;32m  OK  [0m] Started Update UTMP about System Boot/Shutdown.
[[0;32m  OK  [0m] Started Commit a transient machine-id on disk.
[[0;32m  OK  [0m] Started ebtables ruleset management.
[[0;32m  OK  [0m] Started AppArmor initialization.
         Starting Initial cloud-init job (pre-networking)...
         Starting Load AppArmor profiles managed internally by snapd...
[[0;32m  OK  [0m] Started Load AppArmor profiles managed internally by snapd.
[   15.935968] cloud-init[635]: Cloud-init v. 22.3.4-0ubuntu1~18.04.1 running 'init-local' at Mon, 31 Oct 2022 13:44:27 +0000. Up 15.33 seconds.
[[0;32m  OK  [0m] Started Initial cloud-init job (pre-networking).
[[0;32m  OK  [0m] Reached target Network (Pre).
         Starting Network Service...
[[0;32m  OK  [0m] Started Network Service.
         Starting Network Name Resolution...
         Starting Wait for Network to be Configured...
[[0;32m  OK  [0m] Started Network Name Resolution.
[[0;32m  OK  [0m] Reached target Network.
[[0;32m  OK  [0m] Reached target Host and Network Name Lookups.
[[0;32m  OK  [0m] Started Wait for Network to be Configured.
         Starting Initial cloud-init job (metadata service crawler)...
[   18.980970] cloud-init[755]: Cloud-init v. 22.3.4-0ubuntu1~18.04.1 running 'init' at Mon, 31 Oct 2022 13:44:30 +0000. Up 18.60 seconds.
[   18.988026] cloud-init[755]: ci-info: ++++++++++++++++++++++++++++++++++++++Net device info++++++++++++++++++++++++++++++++++++++
[   18.994251] cloud-init[755]: ci-info: +--------+------+----------------------------+---------------+--------+-------------------+
[   19.000106] cloud-init[755]: ci-info: | Device |  Up  |          Address           |      Mask     | Scope  |     Hw-Address    |
[   19.007302] cloud-init[755]: ci-info: +--------+------+----------------------------+---------------+--------+-------------------+
[   19.014056] cloud-init[755]: ci-info: | enp0s3 | True |         10.0.2.15          | 255.255.255.0 | global | 02:cf:fd:ba:38:06 |
[   19.021759] cloud-init[755]: ci-info: | enp0s3 | True | fe80::cf:fdff:feba:3806/64 |       .       |  link  | 02:cf:fd:ba:38:06 |
[   19.028519] cloud-init[755]: ci-info: |   lo   | True |         127.0.0.1          |   255.0.0.0   |  host  |         .         |
[   19.039513] cloud-init[755]: ci-info: |   lo   | True |          ::1/128           |       .       |  host  |         .         |
[   19.049946] cloud-init[755]: ci-info: +--------+------+----------------------------+---------------+--------+-------------------+
[   19.061920] cloud-init[755]: ci-info: ++++++++++++++++++++++++++++Route IPv4 info+++++++++++++++++++++++++++++
[   19.071173] cloud-init[755]: ci-info: +-------+-------------+----------+-----------------+-----------+-------+
[   19.081474] cloud-init[755]: ci-info: | Route | Destination | Gateway  |     Genmask     | Interface | Flags |
[   19.092055] cloud-init[755]: ci-info: +-------+-------------+----------+-----------------+-----------+-------+
[   19.102262] cloud-init[755]: ci-info: |   0   |   0.0.0.0   | 10.0.2.2 |     0.0.0.0     |   enp0s3  |   UG  |
[   19.111927] cloud-init[755]: ci-info: |   1   |   10.0.2.0  | 0.0.0.0  |  255.255.255.0  |   enp0s3  |   U   |
[   19.124792] cloud-init[755]: ci-info: |   2   |   10.0.2.2  | 0.0.0.0  | 255.255.255.255 |   enp0s3  |   UH  |
[   19.135099] cloud-init[755]: ci-info: +-------+-------------+----------+-----------------+-----------+-------+
[   19.144564] cloud-init[755]: ci-info: +++++++++++++++++++Route IPv6 info+++++++++++++++++++
[   19.153176] cloud-init[755]: ci-info: +-------+-------------+---------+-----------+-------+
[   19.160853] cloud-init[755]: ci-info: | Route | Destination | Gateway | Interface | Flags |
[   19.168685] cloud-init[755]: ci-info: +-------+-------------+---------+-----------+-------+
[   19.176550] cloud-init[755]: ci-info: |   1   |  fe80::/64  |    ::   |   enp0s3  |   U   |
[   19.184049] cloud-init[755]: ci-info: |   3   |    local    |    ::   |   enp0s3  |   U   |
[   19.191682] cloud-init[755]: ci-info: |   4   |   ff00::/8  |    ::   |   enp0s3  |   U   |
[   19.200317] cloud-init[755]: ci-info: +-------+-------------+---------+-----------+-------+
[   20.373710] cloud-init[755]: Generating public/private rsa key pair.
[   20.377535] cloud-init[755]: Your identification has been saved in /etc/ssh/ssh_host_rsa_key.
[   20.382816] cloud-init[755]: Your public key has been saved in /etc/ssh/ssh_host_rsa_key.pub.
[   20.388637] cloud-init[755]: The key fingerprint is:
[   20.392328] cloud-init[755]: SHA256:FONm9SG4HluaLh1nOURt0Yzo36HvL0Qy9j7VdIglEPQ root@ubuntu-bionic
[   20.397717] cloud-init[755]: The key's randomart image is:
[   20.401131] cloud-init[755]: +---[RSA 2048]----+
[   20.403925] cloud-init[755]: |        oo*=o=   |
[   20.406643] cloud-init[755]: |       ..+o+=.+  |
[   20.409604] cloud-init[755]: |        =+ .E+ . |
[   20.412811] cloud-init[755]: |       +o + = + o|
[   20.415829] cloud-init[755]: |       .SB + B oo|
[   20.418928] cloud-init[755]: |        * = o + o|
[   20.422196] cloud-init[755]: |       o + . + . |
[   20.425441] cloud-init[755]: |      . o     =  |
[   20.428766] cloud-init[755]: |       .     ..+.|
[   20.431839] cloud-init[755]: +----[SHA256]-----+
[   20.434815] cloud-init[755]: Generating public/private dsa key pair.
[   20.439240] cloud-init[755]: Your identification has been saved in /etc/ssh/ssh_host_dsa_key.
[   20.444632] cloud-init[755]: Your public key has been saved in /etc/ssh/ssh_host_dsa_key.pub.
[   20.449957] cloud-init[755]: The key fingerprint is:
[   20.464564] cloud-init[755]: SHA256:dZVekFUEe1PkKzTouP/o0zM56g0asCRcR02Ufqqg5Os root@ubuntu-bionic
[   20.469981] cloud-init[755]: The key's randomart image is:
[   20.472827] cloud-init[755]: +---[DSA 1024]----+
[   20.475262] cloud-init[755]: |         .+o. +OB|
[   20.478057] cloud-init[755]: |        .  o..ooo|
[   20.480715] cloud-init[755]: |       . .o..+.oo|
[   20.483227] cloud-init[755]: |    . . ..oo..o.o|
[   20.486167] cloud-init[755]: |     o oS. .o. . |
[   20.489037] cloud-init[755]: |     .o.o ..  .  |
[   20.491786] cloud-init[755]: |    o ...o... .  |
[   20.494620] cloud-init[755]: |     o   .+.+*   |
[   20.497521] cloud-init[755]: |    .E.  .o*+o+  |
[   20.499949] cloud-init[755]: +----[SHA256]-----+
[   20.502342] cloud-init[755]: Generating public/private ecdsa key pair.
[   20.506521] cloud-init[755]: Your identification has been saved in /etc/ssh/ssh_host_ecdsa_key.
[   20.511415] cloud-init[755]: Your public key has been saved in /etc/ssh/ssh_host_ecdsa_key.pub.
[   20.516519] cloud-init[755]: The key fingerprint is:
[   20.519471] cloud-init[755]: SHA256:eKqlTmcb3t/KwjScFx3B3f/lbj+cXCWDQ+dKnmnl/Vc root@ubuntu-bionic
[   20.525173] cloud-init[755]: The key's randomart image is:
[   20.528212] cloud-init[755]: +---[ECDSA 256]---+
[   20.531118] cloud-init[755]: |           ..o . |
[   20.534320] cloud-init[755]: |            + o .|
[   20.537040] cloud-init[755]: |           o =  .|
[   20.539892] cloud-init[755]: |       .  . = = +|
[   20.542955] cloud-init[755]: |      ..S. + B =+|
[   20.545991] cloud-init[755]: |       o= . * . E|
[   20.549319] cloud-init[755]: |    . *o o .  o.=|
[   20.552527] cloud-init[755]: |   . B +o. .   ==|
[   20.555277] cloud-init[755]: |   .+ o .o+..  .=|
[   20.558738] cloud-init[755]: +----[SHA256]-----+
[   20.562246] cloud-init[755]: Generating public/private ed25519 key pair.
[   20.566963] cloud-init[755]: Your identification has been saved in /etc/ssh/ssh_host_ed25519_key.
[   20.573022] cloud-init[755]: Your public key has been saved in /etc/ssh/ssh_host_ed25519_key.pub.
[   20.579189] cloud-init[755]: The key fingerprint is:
[   20.582132] cloud-init[755]: SHA256:KpoHi+3iH6tioA3WfAMhpn5IxUk6mWpzQtWrUQfScZs root@ubuntu-bionic
[   20.588157] cloud-init[755]: The key's randomart image is:
[   20.591594] cloud-init[755]: +--[ED25519 256]--+
[   20.595314] cloud-init[755]: |  o++oo.         |
[   20.598982] cloud-init[755]: | o==.+..o        |
[   20.602157] cloud-init[755]: |o*o o oE         |
[   20.605644] cloud-init[755]: |+..o .           |
[   20.608662] cloud-init[755]: |+++.+   S        |
[   20.611780] cloud-init[755]: |++== o .         |
[   20.614807] cloud-init[755]: |+=.+o o          |
[   20.618402] cloud-init[755]: |=.+o+.           |
[   20.621828] cloud-init[755]: |+=*+             |
[   20.624729] cloud-init[755]: +----[SHA256]-----+
[[0;32m  OK  [0m] Started Initial cloud-init job (metadata service crawler).
[[0;32m  OK  [0m] Reached target System Initialization.
[[0;32m  OK  [0m] Started Discard unused blocks once a week.
[[0;32m  OK  [0m] Listening on D-Bus System Message Bus Socket.
[[0;32m  OK  [0m] Listening on UUID daemon activation socket.
[[0;32m  OK  [0m] Started Ubuntu Advantage Timer for running repeated jobs.
         Starting LXD - unix socket.
[[0;32m  OK  [0m] Started Message of the Day.
[[0;32m  OK  [0m] Started Daily apt download activities.
[[0;32m  OK  [0m] Started Daily apt upgrade and clean activities.
[[0;32m  OK  [0m] Listening on Open-iSCSI iscsid Socket.
[[0;32m  OK  [0m] Started ACPI Events Check.
[[0;32m  OK  [0m] Reached target Paths.
         Starting Socket activation for snappy daemon.
[[0;32m  OK  [0m] Listening on cloud-init hotplug hook socket.
[[0;32m  OK  [0m] Listening on ACPID Listen Socket.
[[0;32m  OK  [0m] Started Daily Cleanup of Temporary Directories.
[[0;32m  OK  [0m] Reached target Timers.
[[0;32m  OK  [0m] Reached target Cloud-config availability.
[[0;32m  OK  [0m] Reached target Network is Online.
[[0;32m  OK  [0m] Reached target Remote File Systems (Pre).
[[0;32m  OK  [0m] Reached target Remote File Systems.
         Starting Availability of block devices...
[[0;32m  OK  [0m] Listening on LXD - unix socket.
[[0;32m  OK  [0m] Listening on Socket activation for snappy daemon.
[[0;32m  OK  [0m] Reached target Sockets.
[[0;32m  OK  [0m] Reached target Basic System.
         Starting Accounts Service...
[[0;32m  OK  [0m] Started irqbalance daemon.
[[0;32m  OK  [0m] Started FUSE filesystem for LXC.
[[0;32m  OK  [0m] Reached target Login Prompts (Pre).
         Starting Virtualbox guest utils...
[[0;32m  OK  [0m] Started Regular background program processing daemon.
         Starting Login Service...
[[0;32m  OK  [0m] Started Deferred execution scheduler.
         Starting LXD - container startup/shutdown...
         Starting LSB: Record successful boot for GRUB...
[[0;32m  OK  [0m] Started D-Bus System Message Bus.
         Starting Permit User Sessions...
         Starting System Logging Service...
         Starting Pollinate to seed the pseudo random number generator...
         Starting LSB: automatic crash report generation...
         Starting Snap Daemon...
         Starting Dispatcher daemon for systemd-networkd...
[[0;32m  OK  [0m] Started System Logging Service.
[[0;32m  OK  [0m] Started Availability of block devices.
[[0;32m  OK  [0m] Started Permit User Sessions.
[[0;32m  OK  [0m] Started Login Service.
[[0;32m  OK  [0m] Started LXD - container startup/shutdown.
         Starting Authorization Manager...
[[0;32m  OK  [0m] Started Unattended Upgrades Shutdown.
         Starting Terminate Plymouth Boot Screen...
         Starting Hold until boot process finishes up...
[[0;32m  OK  [0m] Started Terminate Plymouth Boot Screen.
[[0;32m  OK  [0m] Started Hold until boot process finishes up.
[[0;32m  OK  [0m] Started Serial Getty on ttyS0.
         Starting Set console scheme...
[[0;32m  OK  [0m] Started Set console scheme.
[[0;32m  OK  [0m] Created slice system-getty.slice.
[[0;32m  OK  [0m] Started Getty on tty1.
[[0;32m  OK  [0m] Reached target Login Prompts.
[[0;32m  OK  [0m] Started LSB: automatic crash report generation.
[[0;32m  OK  [0m] Started Authorization Manager.
[[0;32m  OK  [0m] Started Accounts Service.
[[0;32m  OK  [0m] Started LSB: Record successful boot for GRUB.
[[0;32m  OK  [0m] Started Virtualbox guest utils.
[[0;32m  OK  [0m] Started Dispatcher daemon for systemd-networkd.
[[0;32m  OK  [0m] Started Snap Daemon.
         Starting Wait until snapd is fully seeded...
[[0;32m  OK  [0m] Started Pollinate to seed the pseudo random number generator.
         Starting OpenBSD Secure Shell server...
[[0;32m  OK  [0m] Started OpenBSD Secure Shell server.
         Starting Time & Date Service...
[[0;32m  OK  [0m] Started Time & Date Service.
[[0;32m  OK  [0m] Created slice User Slice of vagrant.
         Starting User Manager for UID 1000...
[[0;32m  OK  [0m] Started Session 1 of user vagrant.
[[0;32m  OK  [0m] Started Wait until snapd is fully seeded.
         Starting Apply the settings specified in cloud-config...
[[0;32m  OK  [0m] Started User Manager for UID 1000.
[   26.503213] cloud-init[1287]: Cloud-init v. 22.3.4-0ubuntu1~18.04.1 running 'modules:config' at Mon, 31 Oct 2022 13:44:36 +0000. Up 24.72 seconds.
[[0;32m  OK  [0m] Started Apply the settings specified in cloud-config.
[[0;32m  OK  [0m] Reached target Multi-User System.
         Starting Execute cloud user/final scripts...
[[0;32m  OK  [0m] Reached target Graphical Interface.
         Starting Update UTMP about System Runlevel Changes...
[[0;32m  OK  [0m] Started Update UTMP about System Runlevel Changes.

Ubuntu 18.04.6 LTS ubuntu-bionic ttyS0

ubuntu-bionic login: ci-info: no authorized SSH keys fingerprints found for user ubuntu.
<14>Oct 31 13:44:40 cloud-init: #############################################################
<14>Oct 31 13:44:40 cloud-init: -----BEGIN SSH HOST KEY FINGERPRINTS-----
<14>Oct 31 13:44:40 cloud-init: 1024 SHA256:dZVekFUEe1PkKzTouP/o0zM56g0asCRcR02Ufqqg5Os root@ubuntu-bionic (DSA)
<14>Oct 31 13:44:40 cloud-init: 256 SHA256:eKqlTmcb3t/KwjScFx3B3f/lbj+cXCWDQ+dKnmnl/Vc root@ubuntu-bionic (ECDSA)
<14>Oct 31 13:44:40 cloud-init: 256 SHA256:KpoHi+3iH6tioA3WfAMhpn5IxUk6mWpzQtWrUQfScZs root@ubuntu-bionic (ED25519)
<14>Oct 31 13:44:40 cloud-init: 2048 SHA256:FONm9SG4HluaLh1nOURt0Yzo36HvL0Qy9j7VdIglEPQ root@ubuntu-bionic (RSA)
<14>Oct 31 13:44:40 cloud-init: -----END SSH HOST KEY FINGERPRINTS-----
<14>Oct 31 13:44:40 cloud-init: #############################################################
-----BEGIN SSH HOST KEY KEYS-----
ecdsa-sha2-nistp256 AAAAE2VjZHNhLXNoYTItbmlzdHAyNTYAAAAIbmlzdHAyNTYAAABBBMCZ0ia07JLQNXhrwetjyMiPv12nEx5YCdfXNWw+6yLC3bco5WL5uuv9P/+/UcX6EswEz/ySNmg1rBxhaVTMAjA= root@ubuntu-bionic
ssh-ed25519 AAAAC3NzaC1lZDI1NTE5AAAAIPb0RwA5SJTgtiBpX+NuqHKLRZLfPZtXGLNjyLuhaiVQ root@ubuntu-bionic
ssh-rsa AAAAB3NzaC1yc2EAAAADAQABAAABAQDBZmR+NGpNRfxRKq4RZTDpwX1tl+LSAfAfPbmQgno/5ojNLWrEVOHYEjPzcKrPWQ0YJDHNeemF7HeHc2bnzRqs4o3+BpvvXqDe8A4LCiOYSctTcEk/Cu2QVl4X++FiVTFBDiCzy0/ywNHm4SFC1jE3TwcAnRRIe6Nc9IdVIcVH1A6kRr15bqVSz6OAWSuXv0dJIlQyx40/3+S1uvg/WaZ9onXmJ5DPEWz0ot0Z0eha8oXVyL0XGgshTMF1UkZyJgOGvIEUjcDFKIaDoYXQlnY7f2bIYwqTWhyw0RcSZ15FqfVaMfdYh40EIzCuVL+M43NqYDGef6MV85tlxECpUf1H root@ubuntu-bionic
-----END SSH HOST KEY KEYS-----
[   28.460725] cloud-init[1424]: Cloud-init v. 22.3.4-0ubuntu1~18.04.1 running 'modules:final' at Mon, 31 Oct 2022 13:44:40 +0000. Up 27.87 seconds.
[   28.462373] cloud-init[1424]: Cloud-init v. 22.3.4-0ubuntu1~18.04.1 finished at Mon, 31 Oct 2022 13:44:40 +0000. Datasource DataSourceNoCloud [seed=/dev/sdb][dsmode=net].  Up 28.43 seconds
